Error : invalid path
Error : no such file or directory
